// Jest Snapshot v1, https://goo.gl/fbAQLP

exports[`Testing the Buttons component Test if the button component render correctly 1`] = `
<article
  className="buttons"
>
  <button
    className="btn-text"
    onClick={[Function]}
    type="button"
  >
    AC
  </button>
  <button
    className="btn-text"
    onClick={[Function]}
    type="button"
  >
    +/-
  </button>
  <button
    className="btn-text"
    onClick={[Function]}
    type="button"
  >
    %
  </button>
  <button
    className="btn-text orange"
    onClick={[Function]}
    type="button"
  >
    รท
  </button>
  <button
    className="btn-text"
    onClick={[Function]}
    type="button"
  >
    7
  </button>
  <button
    className="btn-text"
    onClick={[Function]}
    type="button"
  >
    8
  </button>
  <button
    className="btn-text"
    onClick={[Function]}
    type="button"
  >
    9
  </button>
  <button
    className="btn-text orange"
    onClick={[Function]}
    type="button"
  >
    x
  </button>
  <button
    className="btn-text"
    onClick={[Function]}
    type="button"
  >
    4
  </button>
  <button
    className="btn-text"
    onClick={[Function]}
    type="button"
  >
    5
  </button>
  <button
    className="btn-text"
    onClick={[Function]}
    type="button"
  >
    6
  </button>
  <button
    className="btn-text orange"
    onClick={[Function]}
    type="button"
  >
    -
  </button>
  <button
    className="btn-text"
    onClick={[Function]}
    type="button"
  >
    1
  </button>
  <button
    className="btn-text"
    onClick={[Function]}
    type="button"
  >
    2
  </button>
  <button
    className="btn-text"
    onClick={[Function]}
    type="button"
  >
    3
  </button>
  <button
    className="btn-text orange"
    onClick={[Function]}
    type="button"
  >
    +
  </button>
  <button
    className="btn-text btn-0"
    onClick={[Function]}
    type="button"
  >
    0
  </button>
  <button
    className="btn-text"
    onClick={[Function]}
    type="button"
  >
    .
  </button>
  <button
    className="btn-text orange"
    onClick={[Function]}
    type="button"
  >
    =
  </button>
</article>
`;
