// Jest Snapshot v1, https://goo.gl/fbAQLP

exports[`Test the Home component Check if the Home component render correctly 1`] = `
<section>
  <h2
    className="page-title"
  >
    Welcome to Our Page!
  </h2>
  <p>
    At Math Magicians, we're passionate about making math accessible and exciting for everyone. With our state-of-the-art React calculator, you can effortlessly solve equations and explore mathematical concepts. Whether you're a student, professional, or simply fascinated by numbers, our calculator is here to assist you every step of the way.
  </p>
  <p>
    But Math Magicians is more than just a calculator. We provide a platform for you to expand your mathematical knowledge, discover fascinating facts, and connect with a community of like-minded individuals. From insightful quotes about computers to interactive features, our user-friendly interface is designed to make your mathematical journey enjoyable and rewarding.
  </p>
  <p>
    Join us on this exciting adventure, where every problem has a solution, and every solution holds a world of possibilities. Welcome to Math Magicians - where math comes to life!
  </p>
</section>
`;
