// Jest Snapshot v1, https://goo.gl/fbAQLP

exports[`Test the Navbar component Check if the component render correctly 1`] = `[Function]`;
